Archive member included to satisfy reference by file (symbol)

e:/atmel/studio/7.0/toolchain/avr8/avr8-gnu-toolchain/bin/../lib/gcc/avr/5.4.0/avr5\libgcc.a(_exit.o)
                              E:/Atmel/Studio/7.0/Packs/Atmel/ATmega_DFP/1.3.300/gcc/dev/atmega32u4/avr5/crtatmega32u4.o (exit)
e:/atmel/studio/7.0/toolchain/avr8/avr8-gnu-toolchain/bin/../lib/gcc/avr/5.4.0/../../../../avr/lib/avr5\libc.a(dtostrf.o)
                              Arudino/WString.o (symbol from plugin) (dtostrf)
e:/atmel/studio/7.0/toolchain/avr8/avr8-gnu-toolchain/bin/../lib/gcc/avr/5.4.0/../../../../avr/lib/avr5\libc.a(random.o)
                              Arudino/WMath.o (symbol from plugin) (random)
e:/atmel/studio/7.0/toolchain/avr8/avr8-gnu-toolchain/bin/../lib/gcc/avr/5.4.0/../../../../avr/lib/avr5\libc.a(atof.o)
                              Arudino/WString.o (symbol from plugin) (atof)
e:/atmel/studio/7.0/toolchain/avr8/avr8-gnu-toolchain/bin/../lib/gcc/avr/5.4.0/../../../../avr/lib/avr5\libc.a(atol.o)
                              Arudino/WString.o (symbol from plugin) (atol)
e:/atmel/studio/7.0/toolchain/avr8/avr8-gnu-toolchain/bin/../lib/gcc/avr/5.4.0/../../../../avr/lib/avr5\libc.a(strcpy_P.o)
                              Arudino/WString.o (symbol from plugin) (strcpy_P)
e:/atmel/studio/7.0/toolchain/avr8/avr8-gnu-toolchain/bin/../lib/gcc/avr/5.4.0/../../../../avr/lib/avr5\libc.a(strlen_P.o)
                              Arudino/WString.o (symbol from plugin) (__strlen_P)
e:/atmel/studio/7.0/toolchain/avr8/avr8-gnu-toolchain/bin/../lib/gcc/avr/5.4.0/../../../../avr/lib/avr5\libc.a(itoa.o)
                              Arudino/WString.o (symbol from plugin) (__itoa)
e:/atmel/studio/7.0/toolchain/avr8/avr8-gnu-toolchain/bin/../lib/gcc/avr/5.4.0/../../../../avr/lib/avr5\libc.a(itoa_ncheck.o)
                              e:/atmel/studio/7.0/toolchain/avr8/avr8-gnu-toolchain/bin/../lib/gcc/avr/5.4.0/../../../../avr/lib/avr5\libc.a(itoa.o) (__itoa_ncheck)
e:/atmel/studio/7.0/toolchain/avr8/avr8-gnu-toolchain/bin/../lib/gcc/avr/5.4.0/../../../../avr/lib/avr5\libc.a(ltoa.o)
                              Arudino/WString.o (symbol from plugin) (__ltoa)
e:/atmel/studio/7.0/toolchain/avr8/avr8-gnu-toolchain/bin/../lib/gcc/avr/5.4.0/../../../../avr/lib/avr5\libc.a(ltoa_ncheck.o)
                              e:/atmel/studio/7.0/toolchain/avr8/avr8-gnu-toolchain/bin/../lib/gcc/avr/5.4.0/../../../../avr/lib/avr5\libc.a(ltoa.o) (__ltoa_ncheck)
e:/atmel/studio/7.0/toolchain/avr8/avr8-gnu-toolchain/bin/../lib/gcc/avr/5.4.0/../../../../avr/lib/avr5\libc.a(mulsi10.o)
                              e:/atmel/studio/7.0/toolchain/avr8/avr8-gnu-toolchain/bin/../lib/gcc/avr/5.4.0/../../../../avr/lib/avr5\libc.a(atol.o) (__mulsi_const_10)
e:/atmel/studio/7.0/toolchain/avr8/avr8-gnu-toolchain/bin/../lib/gcc/avr/5.4.0/../../../../avr/lib/avr5\libc.a(ultoa.o)
                              Arudino/WString.o (symbol from plugin) (__ultoa)
e:/atmel/studio/7.0/toolchain/avr8/avr8-gnu-toolchain/bin/../lib/gcc/avr/5.4.0/../../../../avr/lib/avr5\libc.a(ultoa_ncheck.o)
                              e:/atmel/studio/7.0/toolchain/avr8/avr8-gnu-toolchain/bin/../lib/gcc/avr/5.4.0/../../../../avr/lib/avr5\libc.a(ultoa.o) (__ultoa_ncheck)
e:/atmel/studio/7.0/toolchain/avr8/avr8-gnu-toolchain/bin/../lib/gcc/avr/5.4.0/../../../../avr/lib/avr5\libc.a(utoa.o)
                              Arudino/WString.o (symbol from plugin) (__utoa)
e:/atmel/studio/7.0/toolchain/avr8/avr8-gnu-toolchain/bin/../lib/gcc/avr/5.4.0/../../../../avr/lib/avr5\libc.a(utoa_ncheck.o)
                              e:/atmel/studio/7.0/toolchain/avr8/avr8-gnu-toolchain/bin/../lib/gcc/avr/5.4.0/../../../../avr/lib/avr5\libc.a(utoa.o) (__utoa_ncheck)
e:/atmel/studio/7.0/toolchain/avr8/avr8-gnu-toolchain/bin/../lib/gcc/avr/5.4.0/../../../../avr/lib/avr5\libc.a(fgetc.o)
                              main.o (symbol from plugin) (fgetc)
e:/atmel/studio/7.0/toolchain/avr8/avr8-gnu-toolchain/bin/../lib/gcc/avr/5.4.0/../../../../avr/lib/avr5\libc.a(fprintf_p.o)
                              main.o (symbol from plugin) (fprintf_P)
e:/atmel/studio/7.0/toolchain/avr8/avr8-gnu-toolchain/bin/../lib/gcc/avr/5.4.0/../../../../avr/lib/avr5\libc.a(iob.o)
                              main.o (symbol from plugin) (__iob)
e:/atmel/studio/7.0/toolchain/avr8/avr8-gnu-toolchain/bin/../lib/gcc/avr/5.4.0/../../../../avr/lib/avr5\libc.a(sscanf_p.o)
                              main.o (symbol from plugin) (sscanf_P)
e:/atmel/studio/7.0/toolchain/avr8/avr8-gnu-toolchain/bin/../lib/gcc/avr/5.4.0/../../../../avr/lib/avr5\libc.a(vfprintf_std.o)
                              e:/atmel/studio/7.0/toolchain/avr8/avr8-gnu-toolchain/bin/../lib/gcc/avr/5.4.0/../../../../avr/lib/avr5\libc.a(fprintf_p.o) (vfprintf)
e:/atmel/studio/7.0/toolchain/avr8/avr8-gnu-toolchain/bin/../lib/gcc/avr/5.4.0/../../../../avr/lib/avr5\libc.a(vfscanf_std.o)
[...]
Memory Configuration

Name             Origin             Length             Attributes
text             0x00000000         0x00020000         xr
data             0x00800060         0x0000ffa0         rw !x
eeprom           0x00810000         0x00010000         rw !x
fuse             0x00820000         0x00000003         rw !x
lock             0x00830000         0x00000400         rw !x
signature        0x00840000         0x00000400         rw !x
user_signatures  0x00850000         0x00000400         rw !x
*default*        0x00000000         0xffffffff

Linker script and memory map

Address of section .data set to 0x800100
LOAD E:/Atmel/Studio/7.0/Packs/Atmel/ATmega_DFP/1.3.300/gcc/dev/atmega32u4/avr5/crtatmega32u4.o
LOAD abtn3.o
LOAD C:\Users\warlo\AppData\Local\Temp\ccDeIa97.ltrans0.ltrans.o
LOAD C:\Users\warlo\AppData\Local\Temp\ccDeIa97.ltrans1.ltrans.o
LOAD C:\Users\warlo\AppData\Local\Temp\ccDeIa97.ltrans2.ltrans.o
LOAD C:\Users\warlo\AppData\Local\Temp\ccDeIa97.ltrans3.ltrans.o
LOAD adc.o
LOAD Arudino/abi.o
LOAD Arudino/CDC.o
LOAD Arudino/ErriezTM1637.o
LOAD Arudino/HardwareSerial.o
LOAD Arudino/HardwareSerial0.o
LOAD Arudino/HardwareSerial1.o
LOAD Arudino/HardwareSerial2.o
LOAD Arudino/HardwareSerial3.o
LOAD Arudino/hooks.o
LOAD Arudino/IPAddress.o
LOAD Arudino/main.o
LOAD Arudino/new.o
LOAD Arudino/PluggableUSB.o
LOAD Arudino/Print.o
LOAD Arudino/Stream.o
LOAD Arudino/Tone.o
LOAD Arudino/USBCore.o
LOAD Arudino/WInterrupts.o
LOAD Arudino/wiring.o
LOAD Arudino/wiring_analog.o
LOAD Arudino/wiring_digital.o
LOAD Arudino/wiring_pulse.o
LOAD Arudino/wiring_shift.o
LOAD Arudino/WMath.o
LOAD Arudino/WString.o
LOAD Buttons.o
LOAD diag.o
LOAD main.o
LOAD mmctl.o
LOAD motion.o
LOAD permanent_storage.o
LOAD shr16.o
LOAD spi.o
LOAD tmc2130.o
LOAD twi.o
LOAD uart.o
START GROUP
LOAD e:/atmel/studio/7.0/toolchain/avr8/avr8-gnu-toolchain/bin/../lib/gcc/avr/5.4.0/../../../../avr/lib/avr5\libm.a
END GROUP
LOAD e:/atmel/studio/7.0/toolchain/avr8/avr8-gnu-toolchain/bin/../lib/gcc/avr/5.4.0/avr5\libgcc.a
LOAD e:/atmel/studio/7.0/toolchain/avr8/avr8-gnu-toolchain/bin/../lib/gcc/avr/5.4.0/../../../../avr/lib/avr5\libm.a
START GROUP
LOAD e:/atmel/studio/7.0/toolchain/avr8/avr8-gnu-toolchain/bin/../lib/gcc/avr/5.4.0/avr5\libgcc.a
LOAD e:/atmel/studio/7.0/toolchain/avr8/avr8-gnu-toolchain/bin/../lib/gcc/avr/5.4.0/../../../../avr/lib/avr5\libm.a
LOAD e:/atmel/studio/7.0/toolchain/avr8/avr8-gnu-toolchain/bin/../lib/gcc/avr/5.4.0/../../../../avr/lib/avr5\libc.a
LOAD E:/Atmel/Studio/7.0/Packs/Atmel/ATmega_DFP/1.3.300/gcc/dev/atmega32u4/avr5\libatmega32u4.a
END GROUP
                0x00020000                __TEXT_REGION_LENGTH__ = DEFINED (__TEXT_REGION_LENGTH__)?__TEXT_REGION_LENGTH__:0x20000
                0x0000ffa0                __DATA_REGION_LENGTH__ = DEFINED (__DATA_REGION_LENGTH__)?__DATA_REGION_LENGTH__:0xffa0
                0x00010000                __EEPROM_REGION_LENGTH__ = DEFINED (__EEPROM_REGION_LENGTH__)?__EEPROM_REGION_LENGTH__:0x10000
                [0x00000003]                __FUSE_REGION_LENGTH__ = DEFINED (__FUSE_REGION_LENGTH__)?__FUSE_REGION_LENGTH__:0x400
                0x00000400                __LOCK_REGION_LENGTH__ = DEFINED (__LOCK_REGION_LENGTH__)?__LOCK_REGION_LENGTH__:0x400
                0x00000400                __SIGNATURE_REGION_LENGTH__ = DEFINED (__SIGNATURE_REGION_LENGTH__)?__SIGNATURE_REGION_LENGTH__:0x400
                0x00000400                __USER_SIGNATURE_REGION_LENGTH__ = DEFINED (__USER_SIGNATURE_REGION_LENGTH__)?__USER_SIGNATURE_REGION_LENGTH__:0x400

.hash
 *(.hash)

.dynsym
 *(.dynsym)

.dynstr
 *(.dynstr)

.gnu.version
 *(.gnu.version)

.gnu.version_d
 *(.gnu.version_d)

.gnu.version_r
 *(.gnu.version_r)

.rel.init
 *(.rel.init)

.rela.init
 *(.rela.init)

.rel.text
 *(.rel.text)
 *(.rel.text.*)
 *(.rel.gnu.linkonce.t*)

.rela.text
 *(.rela.text)
 *(.rela.text.*)
 *(.rela.gnu.linkonce.t*)

.rel.fini
 *(.rel.fini)

.rela.fini
 *(.rela.fini)

.rel.rodata
 *(.rel.rodata)
 *(.rel.rodata.*)
 *(.rel.gnu.linkonce.r*)

.rela.rodata
 *(.rela.rodata)
 *(.rela.rodata.*)
 *(.rela.gnu.linkonce.r*)

.rel.data
 *(.rel.data)
 *(.rel.data.*)
 *(.rel.gnu.linkonce.d*)

.rela.data
 *(.rela.data)
 *(.rela.data.*)
 *(.rela.gnu.linkonce.d*)

.rel.ctors
 *(.rel.ctors)

.rela.ctors
 *(.rela.ctors)

.rel.dtors
 *(.rel.dtors)

.rela.dtors
 *(.rela.dtors)

.rel.got
 *(.rel.got)

.rela.got
 *(.rela.got)

.rel.bss
 *(.rel.bss)

.rela.bss
 *(.rela.bss)

.rel.plt
 *(.rel.plt)

.rela.plt
 *(.rela.plt)

.text           0x00000000     0x5b5c
 *(.vectors)
 .vectors       0x00000000       0xac E:/Atmel/Studio/7.0/Packs/Atmel/ATmega_DFP/1.3.300/gcc/dev/atmega32u4/avr5/crtatmega32u4.o
                0x00000000                __vector_default
                0x00000000                __vectors
 *(.vectors)
 *(.progmem.gcc*)
 .progmem.gcc_sw_table
                0x000000ac       0x1e C:\Users\warlo\AppData\Local\Temp\ccDeIa97.ltrans0.ltrans.o
                0x000000ca                . = ALIGN (0x2)
                0x000000ca                __trampolines_start = .
 *(.trampolines)
 .trampolines   0x000000ca        0x0 linker stubs
 *(.trampolines*)
                0x000000ca                __trampolines_end = .
 *libprintf_flt.a:*(.progmem.data)
 *libc.a:*(.progmem.data)
 .progmem.data  0x000000ca        0xc e:/atmel/studio/7.0/toolchain/avr8/avr8-gnu-toolchain/bin/../lib/gcc/avr/5.4.0/../../../../avr/lib/avr5\libc.a(vfscanf_std.o)
 *(.progmem*)
 .progmem.data  0x000000d6       0x9f C:\Users\warlo\AppData\Local\Temp\ccDeIa97.ltrans0.ltrans.o
 .progmem.data  0x00000175       0x6a C:\Users\warlo\AppData\Local\Temp\ccDeIa97.ltrans1.ltrans.o
                0x00000183                digital_pin_to_port_PGM
                0x000001a2                digital_pin_to_bit_mask_PGM
                0x000001c1                digital_pin_to_timer_PGM
 .progmem.data  0x000001df       0x6c C:\Users\warlo\AppData\Local\Temp\ccDeIa97.ltrans2.ltrans.o
                0x0000024c                . = ALIGN (0x2)
 *fill*         0x0000024b        0x1 
 *(.jumptables)
 *(.jumptables*)
 *(.lowtext)
 *(.lowtext*)
                0x0000024c                __ctors_start = .
 *(.ctors)
 .ctors         0x0000024c        0x2 C:\Users\warlo\AppData\Local\Temp\ccDeIa97.ltrans1.ltrans.o
                0x0000024e                __ctors_end = .
                0x0000024e                __dtors_start = .
 *(.dtors)
                0x0000024e                __dtors_end = .
 SORT(*)(.ctors)
 SORT(*)(.dtors)
 *(.init0)
 .init0         0x0000024e        0x0 E:/Atmel/Studio/7.0/Packs/Atmel/ATmega_DFP/1.3.300/gcc/dev/atmega32u4/avr5/crtatmega32u4.o
                0x0000024e                __init
 *(.init0)
 *(.init1)
 *(.init1)
 *(.init2)
 .init2         0x0000024e        0xc E:/Atmel/Studio/7.0/Packs/Atmel/ATmega_DFP/1.3.300/gcc/dev/atmega32u4/avr5/crtatmega32u4.o
 *(.init2)
 *(.init3)
 *(.init3)
 *(.init4)
 .init4         0x0000025a       0x16 e:/atmel/studio/7.0/toolchain/avr8/avr8-gnu-toolchain/bin/../lib/gcc/avr/5.4.0/avr5\libgcc.a(_copy_data.o)
                0x0000025a                __do_copy_data
 .init4         0x00000270       0x10 e:/atmel/studio/7.0/toolchain/avr8/avr8-gnu-toolchain/bin/../lib/gcc/avr/5.4.0/avr5\libgcc.a(_clear_bss.o)
                0x00000270                __do_clear_bss
 *(.init4)
 *(.init5)
 *(.init5)
 *(.init6)
 .init6         0x00000280       0x16 e:/atmel/studio/7.0/toolchain/avr8/avr8-gnu-toolchain/bin/../lib/gcc/avr/5.4.0/avr5\libgcc.a(_ctors.o)
                0x00000280                __do_global_ctors
 *(.init6)
 *(.init7)
 *(.init7)
 *(.init8)
 *(.init8)
 *(.init9)
 .init9         0x00000296        0x8 E:/Atmel/Studio/7.0/Packs/Atmel/ATmega_DFP/1.3.300/gcc/dev/atmega32u4/avr5/crtatmega32u4.o
 *(.init9)
 *(.text)
 .text          0x0000029e        0x4 E:/Atmel/Studio/7.0/Packs/Atmel/ATmega_DFP/1.3.300/gcc/dev/atmega32u4/avr5/crtatmega32u4.o
                0x0000029e                __vector_38
                0x0000029e                __vector_22
                0x0000029e                __vector_28
                0x0000029e                __vector_34
                0x0000029e                __vector_24
                0x0000029e                __vector_12
                0x0000029e                __bad_interrupt
                0x0000029e                __vector_6
                0x0000029e                __vector_31
                0x0000029e                __vector_35
                0x0000029e                __vector_39
                0x0000029e                __vector_30
                0x0000029e                __vector_13
                0x0000029e                __vector_17
                0x0000029e                __vector_19
                0x0000029e                __vector_41
                0x0000029e                __vector_27
                0x0000029e                __vector_5
                0x0000029e                __vector_33
                0x0000029e                __vector_37
                0x0000029e                __vector_9
                0x0000029e                __vector_21
                0x0000029e                __vector_15
                0x0000029e                __vector_29
                0x0000029e                __vector_40
                0x0000029e                __vector_8
                0x0000029e                __vector_14
                0x0000029e                __vector_16
                0x0000029e                __vector_18
                0x0000029e                __vector_20
                0x0000029e                __vector_42
 .text          0x000002a2     0x1d56 C:\Users\warlo\AppData\Local\Temp\ccDeIa97.ltrans0.ltrans.o
                0x0000096c                _ZN14HardwareSerial4readEv
                0x00000b84                _ZN7Serial_5writeEh
                0x00000bc2                _ZN7Serial_4readEv
                0x000010fc                turnOffPWM.lto_priv.8
                0x0000118e                digitalRead
                0x000011e0                delayMicroseconds
                0x000011f6                delay
                0x0000126a                _ZL23signal_filament_presentv.lto_priv.12
                0x00001294                _Z26filament_presence_signalerv
                0x000014a0                _Z9setupMenuv
                0x00001840                __vector_23
                0x000018d4                __vector_7
                0x00001922                __vector_4
                0x00001970                __vector_3
                0x000019be                __vector_2
                0x00001a0c                __vector_1
                0x00001a5a                __vector_10
                0x00001b66                __vector_11
                0x00001d0c                __vector_32
                0x00001dce                _ZN5Print7printlnEPKc
                0x00001df2                main
                0x00001e0c                _GLOBAL__sub_I__ZN9IPAddressC2Ev.lto_priv.7
                0x00001e1a                _GLOBAL__sub_I___vector_25.lto_priv.6
                0x00001e28                __vector_26
                0x00001e74                __vector_25
                0x00001ee4                _ZN14HardwareSerial5beginEmh
                0x00001fb0                _GLOBAL__sub_I__updatedLUFAbootloader.lto_priv.5
                0x00001fbe                _ZN7Serial_5beginEmh
                0x00001fca                adc_init
 .text          0x00001ff8      0xab0 C:\Users\warlo\AppData\Local\Temp\ccDeIa97.ltrans1.ltrans.o
                0x0000227e                _Z10uart1_initv
                0x000022ae                _Z10uart0_initv
                0x000022de                __vector_36
                0x0000256e                twi_readFrom
                0x00002602                twi_init
                0x0000263a                tmc2130_read_sg
                0x00002726                tmc2130_init_axis_current_normal
                0x000027ca                tmc2130_init_axis_current_stealth
                0x0000287e                tmc2130_disable_axis
                0x00002890                tmc2130_init_axis
                0x00002974                tmc2130_init
                0x000029da                shr16_get_dir
                0x00002a02                shr16_set_dir
                0x00002a2e                shr16_set_ena
                0x00002a62                shr16_set_led
 .text          0x00002aa8     0x141a C:\Users\warlo\AppData\Local\Temp\ccDeIa97.ltrans2.ltrans.o
                0x00002db4                _Z26unload_filament_withSensorv
                0x0000314a                _Z24load_filament_withSensorv
                0x00003492                _Z13getIdlerStepsii
                0x000035fc                _Z15select_extruderi
                0x00003c7e                _Z24manual_extruder_selectorv
                0x00003d32                loop
                0x00003db4                setup
                0x00003e74                _Z26check_filament_not_presentv
 .text          0x00003ec2      0xbb2 C:\Users\warlo\AppData\Local\Temp\ccDeIa97.ltrans3.ltrans.o
                0x00004182                _ZL11shr16_writej.lto_priv.9
                0x000041ca                shr16_init
                0x0000420a                _Z13buttonClickedv
                0x00004296                _ZN14FilamentLoaded3setEh
                0x00004334                _ZN12BowdenLengthD2Ev
                0x00004334                _ZN12BowdenLengthD1Ev
                0x00004366                _ZN12BowdenLength8decreaseEv
                0x00004392                _ZN12BowdenLength8increaseEv
                0x000043be                _ZN12BowdenLength3getEv
                0x00004434                _ZN12BowdenLengthC1Ev
                0x00004434                _ZN12BowdenLengthC2Ev
                0x0000444e                _Z14eepromEraseAllv
                0x0000447a                _Z19set_pulley_dir_pullv
                0x00004486                _Z19set_pulley_dir_pushv
                0x000044b4                _Z4moveiii
                0x00004696                _Z17move_proportionalii
                0x00004808                _Z10park_idlerb
                0x0000483a                _Z10home_idlerb
                0x00004968                _Z4homev
                0x000049b0                _Z14do_pulley_stepv
                0x000049ba                _Z7checkOkv
                0x00004a74                . = ALIGN (0x2)
 *(.text.*)
 .text.startup  0x00004a74        0xc C:\Users\warlo\AppData\Local\Temp\ccDeIa97.ltrans1.ltrans.o
 .text.avr-libc
                0x00004a80       0x7c e:/atmel/studio/7.0/toolchain/avr8/avr8-gnu-toolchain/bin/../lib/gcc/avr/5.4.0/../../../../avr/lib/avr5\libc.a(fgetc.o)
                0x00004a80                fgetc
 .text.avr-libc
                0x00004afc       0x36 e:/atmel/studio/7.0/toolchain/avr8/avr8-gnu-toolchain/bin/../lib/gcc/avr/5.4.0/../../../../avr/lib/avr5\libc.a(fprintf_p.o)
                0x00004afc                fprintf_P
 .text.avr-libc
                0x00004b32       0x32 e:/atmel/studio/7.0/toolchain/avr8/avr8-gnu-toolchain/bin/../lib/gcc/avr/5.4.0/../../../../avr/lib/avr5\libc.a(sscanf_p.o)
                0x00004b32                sscanf_P
 .text.avr-libc
                0x00004b64      0x3c2 e:/atmel/studio/7.0/toolchain/avr8/avr8-gnu-toolchain/bin/../lib/gcc/avr/5.4.0/../../../../avr/lib/avr5\libc.a(vfprintf_std.o)
                0x00004b64                vfprintf
 .text.avr-libc
                0x00004f26      0x55a e:/atmel/studio/7.0/toolchain/avr8/avr8-gnu-toolchain/bin/../lib/gcc/avr/5.4.0/../../../../avr/lib/avr5\libc.a(vfscanf_std.o)
                0x0000525e                vfscanf
 .text.avr-libc
                0x00005480       0x12 e:/atmel/studio/7.0/toolchain/avr8/avr8-gnu-toolchain/bin/../lib/gcc/avr/5.4.0/../../../../avr/lib/avr5\libc.a(isspace.o)
                0x00005480                isspace
 .text.avr-libc
                0x00005492       0x16 e:/atmel/studio/7.0/toolchain/avr8/avr8-gnu-toolchain/bin/../lib/gcc/avr/5.4.0/../../../../avr/lib/avr5\libc.a(strchr_P.o)
                0x00005492                strchr_P
 .text.avr-libc
                0x000054a8       0x16 e:/atmel/studio/7.0/toolchain/avr8/avr8-gnu-toolchain/bin/../lib/gcc/avr/5.4.0/../../../../avr/lib/avr5\libc.a(strnlen_P.o)
                0x000054a8                strnlen_P
 .text.avr-libc
                0x000054be       0x16 e:/atmel/studio/7.0/toolchain/avr8/avr8-gnu-toolchain/bin/../lib/gcc/avr/5.4.0/../../../../avr/lib/avr5\libc.a(strnlen.o)
                0x000054be                strnlen
 .text.avr-libc
                0x000054d4       0x78 e:/atmel/studio/7.0/toolchain/avr8/avr8-gnu-toolchain/bin/../lib/gcc/avr/5.4.0/../../../../avr/lib/avr5\libc.a(fputc.o)
                0x000054d4                fputc
 .text.avr-libc
                0x0000554c       0x32 e:/atmel/studio/7.0/toolchain/avr8/avr8-gnu-toolchain/bin/../lib/gcc/avr/5.4.0/../../../../avr/lib/avr5\libc.a(ungetc.o)
                0x0000554c                ungetc
 .text.avr-libc
                0x0000557e       0xbc e:/atmel/studio/7.0/toolchain/avr8/avr8-gnu-toolchain/bin/../lib/gcc/avr/5.4.0/../../../../avr/lib/avr5\libc.a(ultoa_invert.o)
                0x0000557e                __ultoa_invert
 .text.avr-libc.fplib
                0x0000563a        0xa e:/atmel/studio/7.0/toolchain/avr8/avr8-gnu-toolchain/bin/../lib/gcc/avr/5.4.0/../../../../avr/lib/avr5\libc.a(cmpsf2.o)
                0x0000563a                __nesf2
                0x0000563a                __eqsf2
                0x0000563a                __cmpsf2
                0x0000563a                __ltsf2
                0x0000563a                __lesf2
 .text.avr-libc.fplib
                0x00005644       0x7a e:/atmel/studio/7.0/toolchain/avr8/avr8-gnu-toolchain/bin/../lib/gcc/avr/5.4.0/../../../../avr/lib/avr5\libc.a(floatsisf.o)
                0x00005644                __floatunsisf
                0x00005648                __floatsisf
 .text.avr-libc.fplib
                0x000056be       0x48 e:/atmel/studio/7.0/toolchain/avr8/avr8-gnu-toolchain/bin/../lib/gcc/avr/5.4.0/../../../../avr/lib/avr5\libc.a(fp_cmp.o)
                0x000056be                __fp_cmp
 .text.avr-libc
                0x00005706        0x6 e:/atmel/studio/7.0/toolchain/avr8/avr8-gnu-toolchain/bin/../lib/gcc/avr/5.4.0/../../../../avr/lib/avr5\libc.a(cty_isfalse.o)
                0x00005706                __ctype_isfalse
                0x0000570a                __ctype_istrue
 .text.avr-libc.fplib
                0x0000570c        0xc e:/atmel/studio/7.0/toolchain/avr8/avr8-gnu-toolchain/bin/../lib/gcc/avr/5.4.0/../../../../avr/lib/avr5\libc.a(fp_inf.o)
                0x0000570c                __fp_inf
 .text.avr-libc.fplib
                0x00005718        0x6 e:/atmel/studio/7.0/toolchain/avr8/avr8-gnu-toolchain/bin/../lib/gcc/avr/5.4.0/../../../../avr/lib/avr5\libc.a(fp_nan.o)
                0x00005718                __fp_nan
 .text.avr-libc.fplib
                0x0000571e        0xe e:/atmel/studio/7.0/toolchain/avr8/avr8-gnu-toolchain/bin/../lib/gcc/avr/5.4.0/../../../../avr/lib/avr5\libc.a(fp_pscA.o)
                0x0000571e                __fp_pscA
 .text.avr-libc.fplib
                0x0000572c        0xe e:/atmel/studio/7.0/toolchain/avr8/avr8-gnu-toolchain/bin/../lib/gcc/avr/5.4.0/../../../../avr/lib/avr5\libc.a(fp_pscB.o)
                0x0000572c                __fp_pscB
 .text.avr-libc.fplib
                0x0000573a       0x22 e:/atmel/studio/7.0/toolchain/avr8/avr8-gnu-toolchain/bin/../lib/gcc/avr/5.4.0/../../../../avr/lib/avr5\libc.a(fp_round.o)
                0x0000573a                __fp_round
 .text.avr-libc.fplib
                0x0000575c       0x44 e:/atmel/studio/7.0/toolchain/avr8/avr8-gnu-toolchain/bin/../lib/gcc/avr/5.4.0/../../../../avr/lib/avr5\libc.a(fp_split3.o)
                0x0000575c                __fp_split3
                0x0000576c                __fp_splitA
 .text.avr-libc.fplib
                0x000057a0        0xe e:/atmel/studio/7.0/toolchain/avr8/avr8-gnu-toolchain/bin/../lib/gcc/avr/5.4.0/../../../../avr/lib/avr5\libc.a(fp_zero.o)
                0x000057a0                __fp_zero
                0x000057a2                __fp_szero
 .text.avr-libc
                0x000057ae       0x10 E:/Atmel/Studio/7.0/Packs/Atmel/ATmega_DFP/1.3.300/gcc/dev/atmega32u4/avr5\libatmega32u4.a(eerd_byte.o)
                0x000057ae                eeprom_read_byte
 .text.avr-libc
                0x000057be        0xc E:/Atmel/Studio/7.0/Packs/Atmel/ATmega_DFP/1.3.300/gcc/dev/atmega32u4/avr5\libatmega32u4.a(eerd_word.o)
                0x000057be                eeprom_read_word
 .text.avr-libc
                0x000057ca       0x24 E:/Atmel/Studio/7.0/Packs/Atmel/ATmega_DFP/1.3.300/gcc/dev/atmega32u4/avr5\libatmega32u4.a(eeupd_byte.o)
                0x000057ca                eeprom_update_byte
                0x000057cc                eeprom_update_r18
 .text.avr-libc
                0x000057ee        0xc E:/Atmel/Studio/7.0/Packs/Atmel/ATmega_DFP/1.3.300/gcc/dev/atmega32u4/avr5\libatmega32u4.a(eeupd_word.o)
                0x000057ee                eeprom_update_word
 .text.avr-libc
                0x000057fa       0x20 E:/Atmel/Studio/7.0/Packs/Atmel/ATmega_DFP/1.3.300/gcc/dev/atmega32u4/avr5\libatmega32u4.a(eerd_block.o)
                0x000057fa                eeprom_read_block
                0x000057fe                eeprom_read_blraw
 .text.libgcc.prologue
                0x0000581a       0x38 e:/atmel/studio/7.0/toolchain/avr8/avr8-gnu-toolchain/bin/../lib/gcc/avr/5.4.0/avr5\libgcc.a(_prologue.o)
                0x0000581a                __prologue_saves__
 .text.libgcc.prologue
                0x00005852       0x36 e:/atmel/studio/7.0/toolchain/avr8/avr8-gnu-toolchain/bin/../lib/gcc/avr/5.4.0/avr5\libgcc.a(_epilogue.o)
                0x00005852                __epilogue_restores__
 .text.libgcc.div
                0x00005888       0x44 e:/atmel/studio/7.0/toolchain/avr8/avr8-gnu-toolchain/bin/../lib/gcc/avr/5.4.0/avr5\libgcc.a(_udivmodsi4.o)
                0x00005888                __udivmodsi4
 .text.avr-libc.fplib
                0x000058cc        0xe e:/atmel/studio/7.0/toolchain/avr8/avr8-gnu-toolchain/bin/../lib/gcc/avr/5.4.0/../../../../avr/lib/avr5\libm.a(addsf3.o)
                0x000058cc                __subsf3
                0x000058ce                __addsf3
 .text.avr-libc.fplib
                0x000058da       0xcc e:/atmel/studio/7.0/toolchain/avr8/avr8-gnu-toolchain/bin/../lib/gcc/avr/5.4.0/../../../../avr/lib/avr5\libm.a(addsf3x.o)
                0x000058fc                __addsf3x
 .text.avr-libc.fplib
                0x000059a6        0x8 e:/atmel/studio/7.0/toolchain/avr8/avr8-gnu-toolchain/bin/../lib/gcc/avr/5.4.0/../../../../avr/lib/avr5\libm.a(divsf3.o)
                0x000059a6                __divsf3
 .text.avr-libc.fplib
                0x000059ae       0xdc e:/atmel/studio/7.0/toolchain/avr8/avr8-gnu-toolchain/bin/../lib/gcc/avr/5.4.0/../../../../avr/lib/avr5\libm.a(divsf3x.o)
                0x000059ce                __divsf3x
                0x000059d4                __divsf3_pse
 .text.avr-libc.fplib
                0x00005a8a       0x5e e:/atmel/studio/7.0/toolchain/avr8/avr8-gnu-toolchain/bin/../lib/gcc/avr/5.4.0/../../../../avr/lib/avr5\libm.a(fixunssfsi.o)
                0x00005a8a                __fixunssfsi
 .text.avr-libc.fplib
                0x00005ae8        0xa e:/atmel/studio/7.0/toolchain/avr8/avr8-gnu-toolchain/bin/../lib/gcc/avr/5.4.0/../../../../avr/lib/avr5\libm.a(gesf2.o)
                0x00005ae8                __gesf2
                0x00005ae8                __gtsf2
 .text.libgcc.div
                0x00005af2       0x28 e:/atmel/studio/7.0/toolchain/avr8/avr8-gnu-toolchain/bin/../lib/gcc/avr/5.4.0/avr5\libgcc.a(_divmodhi4.o)
                0x00005af2                _div
                0x00005af2                __divmodhi4
 .text.libgcc   0x00005b1a        0xc e:/atmel/studio/7.0/toolchain/avr8/avr8-gnu-toolchain/bin/../lib/gcc/avr/5.4.0/avr5\libgcc.a(_tablejump2.o)
                0x00005b1a                __tablejump2__
 .text.libgcc.div
                0x00005b26       0x28 e:/atmel/studio/7.0/toolchain/avr8/avr8-gnu-toolchain/bin/../lib/gcc/avr/5.4.0/avr5\libgcc.a(_udivmodhi4.o)
                0x00005b26                __udivmodhi4
 .text.avr-libc
                0x00005b4e        0xa e:/atmel/studio/7.0/toolchain/avr8/avr8-gnu-toolchain/bin/../lib/gcc/avr/5.4.0/../../../../avr/lib/avr5\libc.a(abort.o)
                0x00005b4e                abort
                0x00005b58                . = ALIGN (0x2)
 *(.fini9)
 .fini9         0x00005b58        0x0 e:/atmel/studio/7.0/toolchain/avr8/avr8-gnu-toolchain/bin/../lib/gcc/avr/5.4.0/avr5\libgcc.a(_exit.o)
                0x00005b58                _exit
                0x00005b58                exit
 *(.fini9)
 *(.fini8)
 *(.fini8)
 *(.fini7)
 *(.fini7)
 *(.fini6)
 *(.fini6)
 *(.fini5)
 *(.fini5)
 *(.fini4)
 *(.fini4)
 *(.fini3)
 *(.fini3)
 *(.fini2)
 *(.fini2)
 *(.fini1)
 *(.fini1)
 *(.fini0)
 .fini0         0x00005b58        0x4 e:/atmel/studio/7.0/toolchain/avr8/avr8-gnu-toolchain/bin/../lib/gcc/avr/5.4.0/avr5\libgcc.a(_exit.o)
 *(.fini0)
                0x00005b5c                _etext = .

.data           0x00800100       0xa4 load address 0x00005b5c
                0x00800100                PROVIDE (__data_start, .)
 *(.data)
 .data          0x00800100       0x16 C:\Users\warlo\AppData\Local\Temp\ccDeIa97.ltrans0.ltrans.o
 .data          0x00800116        0x3 C:\Users\warlo\AppData\Local\Temp\ccDeIa97.ltrans2.ltrans.o
 *(.data*)
 *(.gnu.linkonce.d*)
 *(.rodata)
 .rodata        0x00800119       0x55 C:\Users\warlo\AppData\Local\Temp\ccDeIa97.ltrans0.ltrans.o
 .rodata        0x0080016e       0x12 C:\Users\warlo\AppData\Local\Temp\ccDeIa97.ltrans1.ltrans.o
 *(.rodata*)
 .rodata.str1.1
                0x00800180        0x3 C:\Users\warlo\AppData\Local\Temp\ccDeIa97.ltrans0.ltrans.o
 .rodata.str1.1
                0x00800183       0x15 C:\Users\warlo\AppData\Local\Temp\ccDeIa97.ltrans2.ltrans.o
 .rodata.str1.1
                0x00800198        0xb C:\Users\warlo\AppData\Local\Temp\ccDeIa97.ltrans3.ltrans.o
 *(.gnu.linkonce.r*)
                0x008001a4                . = ALIGN (0x2)
 *fill*         0x008001a3        0x1 
                0x008001a4                _edata = .
                0x008001a4                PROVIDE (__data_end, .)

.bss            0x008001a4      0x1ee
                0x008001a4                PROVIDE (__bss_start, .)
 *(.bss)
 .bss           0x008001a4       0x41 C:\Users\warlo\AppData\Local\Temp\ccDeIa97.ltrans0.ltrans.o
 .bss           0x008001e5      0x178 C:\Users\warlo\AppData\Local\Temp\ccDeIa97.ltrans1.ltrans.o
                0x008001e5                _ZL4leds.lto_priv.11
                0x008001e7                _ZL11have_remote.lto_priv.10
                0x008001e8                shr16_v
                0x008001ea                _uart0io
                0x008001f8                Serial
                0x00800248                _uart1io
                0x00800256                Serial1
 .bss           0x0080035d       0x2b C:\Users\warlo\AppData\Local\Temp\ccDeIa97.ltrans2.ltrans.o
                0x0080035d                _ZL14signalFilament.lto_priv.13
                0x0080035e                isFilamentLoaded
 .bss           0x00800388        0x4 C:\Users\warlo\AppData\Local\Temp\ccDeIa97.ltrans3.ltrans.o
                0x00800388                isIdlerParked
                0x00800389                isHomed
                0x0080038a                active_extruder
 *(.bss*)
 *(COMMON)
 COMMON         0x0080038c        0x6 e:/atmel/studio/7.0/toolchain/avr8/avr8-gnu-toolchain/bin/../lib/gcc/avr/5.4.0/../../../../avr/lib/avr5\libc.a(iob.o)
                0x0080038c                __iob
                0x00800392                PROVIDE (__bss_end, .)
                0x00005b5c                __data_load_start = LOADADDR (.data)
                0x00005c00                __data_load_end = (__data_load_start + SIZEOF (.data))

.noinit         0x00800392        0x0
                [!provide]                PROVIDE (__noinit_start, .)
 *(.noinit*)
                [!provide]                PROVIDE (__noinit_end, .)
                0x00800392                _end = .
                [!provide]                PROVIDE (__heap_start, .)

.eeprom         0x00810000        0x0
 *(.eeprom*)
                0x00810000                __eeprom_end = .

.fuse
 *(.fuse)
 *(.lfuse)
 *(.hfuse)
 *(.efuse)

.lock
 *(.lock*)

.signature
 *(.signature*)

.user_signatures
 *(.user_signatures*)

.stab
 *(.stab)

.stabstr
 *(.stabstr)

.stab.excl
 *(.stab.excl)

.stab.exclstr
 *(.stab.exclstr)

.stab.index
 *(.stab.index)

.stab.indexstr
 *(.stab.indexstr)

.comment        0x00000000       0x5c
 *(.comment)
 .comment       0x00000000       0x31 C:\Users\warlo\AppData\Local\Temp\ccDeIa97.ltrans0.ltrans.o
 .comment       0x00000000       0x31 C:\Users\warlo\AppData\Local\Temp\ccDeIa97.ltrans1.ltrans.o
 .comment       0x00000000       0x31 C:\Users\warlo\AppData\Local\Temp\ccDeIa97.ltrans2.ltrans.o
 .comment       0x00000000       0x31 C:\Users\warlo\AppData\Local\Temp\ccDeIa97.ltrans3.ltrans.o
 .comment       0x00000000       0x30 e:/atmel/studio/7.0/toolchain/avr8/avr8-gnu-toolchain/bin/../lib/gcc/avr/5.4.0/../../../../avr/lib/avr5\libc.a(fgetc.o)
                                 0x31 (size before relaxing)
 .comment       0x00000030       0x31 e:/atmel/studio/7.0/toolchain/avr8/avr8-gnu-toolchain/bin/../lib/gcc/avr/5.4.0/../../../../avr/lib/avr5\libc.a(fprintf_p.o)
 .comment       0x00000030       0x31 e:/atmel/studio/7.0/toolchain/avr8/avr8-gnu-toolchain/bin/../lib/gcc/avr/5.4.0/../../../../avr/lib/avr5\libc.a(iob.o)
 .comment       0x00000030       0x31 e:/atmel/studio/7.0/toolchain/avr8/avr8-gnu-toolchain/bin/../lib/gcc/avr/5.4.0/../../../../avr/lib/avr5\libc.a(sscanf_p.o)
 .comment       0x00000030       0x2c e:/atmel/studio/7.0/toolchain/avr8/avr8-gnu-toolchain/bin/../lib/gcc/avr/5.4.0/../../../../avr/lib/avr5\libc.a(vfprintf_std.o)
                                 0x2d (size before relaxing)
 .comment       0x0000005c       0x2d e:/atmel/studio/7.0/toolchain/avr8/avr8-gnu-toolchain/bin/../lib/gcc/avr/5.4.0/../../../../avr/lib/avr5\libc.a(vfscanf_std.o)
 .comment       0x0000005c       0x31 e:/atmel/studio/7.0/toolchain/avr8/avr8-gnu-toolchain/bin/../lib/gcc/avr/5.4.0/../../../../avr/lib/avr5\libc.a(fputc.o)
 .comment       0x0000005c       0x31 e:/atmel/studio/7.0/toolchain/avr8/avr8-gnu-toolchain/bin/../lib/gcc/avr/5.4.0/../../../../avr/lib/avr5\libc.a(ungetc.o)

.note.gnu.avr.deviceinfo
                0x00000000       0x40
 .note.gnu.avr.deviceinfo
                0x00000000       0x40 E:/Atmel/Studio/7.0/Packs/Atmel/ATmega_DFP/1.3.300/gcc/dev/atmega32u4/avr5/crtatmega32u4.o

.note.gnu.build-id
 *(.note.gnu.build-id)

.debug
 *(.debug)

.line
 *(.line)

.debug_srcinfo
 *(.debug_srcinfo)

.debug_sfnames
 *(.debug_sfnames)

.debug_aranges  0x00000000       0xa0
 *(.debug_aranges)
 .debug_aranges
                0x00000000       0x20 E:/Atmel/Studio/7.0/Packs/Atmel/ATmega_DFP/1.3.300/gcc/dev/atmega32u4/avr5\libatmega32u4.a(eerd_byte.o)
 .debug_aranges
                0x00000020       0x20 E:/Atmel/Studio/7.0/Packs/Atmel/ATmega_DFP/1.3.300/gcc/dev/atmega32u4/avr5\libatmega32u4.a(eerd_word.o)
 .debug_aranges
                0x00000040       0x20 E:/Atmel/Studio/7.0/Packs/Atmel/ATmega_DFP/1.3.300/gcc/dev/atmega32u4/avr5\libatmega32u4.a(eeupd_byte.o)
 .debug_aranges
                0x00000060       0x20 E:/Atmel/Studio/7.0/Packs/Atmel/ATmega_DFP/1.3.300/gcc/dev/atmega32u4/avr5\libatmega32u4.a(eeupd_word.o)
 .debug_aranges
                0x00000080       0x20 E:/Atmel/Studio/7.0/Packs/Atmel/ATmega_DFP/1.3.300/gcc/dev/atmega32u4/avr5\libatmega32u4.a(eerd_block.o)

.debug_pubnames
 *(.debug_pubnames)

.debug_info     0x00000000      0xcf9
 *(.debug_info .gnu.linkonce.wi.*)
 .debug_info    0x00000000      0x9f4 E:/Atmel/Studio/7.0/Packs/Atmel/ATmega_DFP/1.3.300/gcc/dev/atmega32u4/avr5/crtatmega32u4.o
 .debug_info    0x000009f4       0x9a E:/Atmel/Studio/7.0/Packs/Atmel/ATmega_DFP/1.3.300/gcc/dev/atmega32u4/avr5\libatmega32u4.a(eerd_byte.o)
 .debug_info    0x00000a8e       0x9a E:/Atmel/Studio/7.0/Packs/Atmel/ATmega_DFP/1.3.300/gcc/dev/atmega32u4/avr5\libatmega32u4.a(eerd_word.o)
 .debug_info    0x00000b28       0x9b E:/Atmel/Studio/7.0/Packs/Atmel/ATmega_DFP/1.3.300/gcc/dev/atmega32u4/avr5\libatmega32u4.a(eeupd_byte.o)
 .debug_info    0x00000bc3       0x9b E:/Atmel/Studio/7.0/Packs/Atmel/ATmega_DFP/1.3.300/gcc/dev/atmega32u4/avr5\libatmega32u4.a(eeupd_word.o)
 .debug_info    0x00000c5e       0x9b E:/Atmel/Studio/7.0/Packs/Atmel/ATmega_DFP/1.3.300/gcc/dev/atmega32u4/avr5\libatmega32u4.a(eerd_block.o)

.debug_abbrev   0x00000000      0x9ce
 *(.debug_abbrev)
 .debug_abbrev  0x00000000      0x96a E:/Atmel/Studio/7.0/Packs/Atmel/ATmega_DFP/1.3.300/gcc/dev/atmega32u4/avr5/crtatmega32u4.o
 .debug_abbrev  0x0000096a       0x14 E:/Atmel/Studio/7.0/Packs/Atmel/ATmega_DFP/1.3.300/gcc/dev/atmega32u4/avr5\libatmega32u4.a(eerd_byte.o)
 .debug_abbrev  0x0000097e       0x14 E:/Atmel/Studio/7.0/Packs/Atmel/ATmega_DFP/1.3.300/gcc/dev/atmega32u4/avr5\libatmega32u4.a(eerd_word.o)
 .debug_abbrev  0x00000992       0x14 E:/Atmel/Studio/7.0/Packs/Atmel/ATmega_DFP/1.3.300/gcc/dev/atmega32u4/avr5\libatmega32u4.a(eeupd_byte.o)
 .debug_abbrev  0x000009a6       0x14 E:/Atmel/Studio/7.0/Packs/Atmel/ATmega_DFP/1.3.300/gcc/dev/atmega32u4/avr5\libatmega32u4.a(eeupd_word.o)
 .debug_abbrev  0x000009ba       0x14 E:/Atmel/Studio/7.0/Packs/Atmel/ATmega_DFP/1.3.300/gcc/dev/atmega32u4/avr5\libatmega32u4.a(eerd_block.o)

.debug_line     0x00000000      0x43d
 *(.debug_line .debug_line.* .debug_line_end)
 .debug_line    0x00000000      0x199 E:/Atmel/Studio/7.0/Packs/Atmel/ATmega_DFP/1.3.300/gcc/dev/atmega32u4/avr5/crtatmega32u4.o
 .debug_line    0x00000199       0x7a E:/Atmel/Studio/7.0/Packs/Atmel/ATmega_DFP/1.3.300/gcc/dev/atmega32u4/avr5\libatmega32u4.a(eerd_byte.o)
 .debug_line    0x00000213       0x67 E:/Atmel/Studio/7.0/Packs/Atmel/ATmega_DFP/1.3.300/gcc/dev/atmega32u4/avr5\libatmega32u4.a(eerd_word.o)
 .debug_line    0x0000027a       0xb6 E:/Atmel/Studio/7.0/Packs/Atmel/ATmega_DFP/1.3.300/gcc/dev/atmega32u4/avr5\libatmega32u4.a(eeupd_byte.o)
 .debug_line    0x00000330       0x62 E:/Atmel/Studio/7.0/Packs/Atmel/ATmega_DFP/1.3.300/gcc/dev/atmega32u4/avr5\libatmega32u4.a(eeupd_word.o)
 .debug_line    0x00000392       0xab E:/Atmel/Studio/7.0/Packs/Atmel/ATmega_DFP/1.3.300/gcc/dev/atmega32u4/avr5\libatmega32u4.a(eerd_block.o)

.debug_frame
 *(.debug_frame)

.debug_str      0x00000000      0x371
 *(.debug_str)
 .debug_str     0x00000000      0x371 E:/Atmel/Studio/7.0/Packs/Atmel/ATmega_DFP/1.3.300/gcc/dev/atmega32u4/avr5/crtatmega32u4.o

.debug_loc
 *(.debug_loc)

.debug_macinfo
 *(.debug_macinfo)

.debug_weaknames
 *(.debug_weaknames)

.debug_funcnames
 *(.debug_funcnames)

.debug_typenames
 *(.debug_typenames)

.debug_varnames
 *(.debug_varnames)

.debug_pubtypes
 *(.debug_pubtypes)

.debug_ranges
 *(.debug_ranges)

.debug_macro
 *(.debug_macro)
OUTPUT(MM-control-01.elf elf32-avr)
LOAD linker stubs
